2025-04-12 10:14:00 | WARN | repo=pv243-2015-infinispan-seminar | action=commit
2025-08-26 20:05:00 | INFO | repo=pv243-2015-infinispan-seminar | action=commit
2025-08-19 20:32:00 | INFO | repo=pv243-2015-infinispan-seminar | action=commit
2025-05-21 16:12:00 | WARN | repo=pv243-2015-infinispan-seminar | action=edit | files=4
2025-08-23 17:53:00 | DEBUG | repo=pv243-2015-infinispan-seminar | action=test | passed=true
2025-04-13 12:13:00 | DEBUG | repo=pv243-2015-infinispan-seminar | action=commit
2025-12-23 15:59:00 | WARN | repo=pv243-2015-infinispan-seminar | action=test | passed=true
2025-01-14 14:02:00 | INFO | repo=pv243-2015-infinispan-seminar | action=commit
2025-06-26 15:34:00 | INFO | repo=pv243-2015-infinispan-seminar | action=commit
2025-09-16 20:04:00 | WARN | repo=pv243-2015-infinispan-seminar | action=test | passed=true
2025-05-06 11:33:00 | WARN | repo=pv243-2015-infinispan-seminar | action=commit
2025-07-10 12:07:00 | WARN | repo=pv243-2015-infinispan-seminar | action=commit
2025-01-21 09:10:00 | DEBUG | repo=pv243-2015-infinispan-seminar | action=commit
2025-10-09 08:11:00 | WARN | repo=pv243-2015-infinispan-seminar | action=commit
2025-08-15 15:54:00 | WARN | repo=pv243-2015-infinispan-seminar | action=commit
2025-03-25 19:12:00 | DEBUG | repo=pv243-2015-infinispan-seminar | action=commit
2025-06-19 19:08:00 | WARN | repo=pv243-2015-infinispan-seminar | action=commit
2025-10-10 21:29:00 | DEBUG | repo=pv243-2015-infinispan-seminar | action=commit
2025-03-05 17:25:00 | INFO | repo=pv243-2015-infinispan-seminar | action=commit
2025-05-12 18:08:00 | DEBUG | repo=pv243-2015-infinispan-seminar | action=commit
2025-06-22 19:17:00 | DEBUG | repo=pv243-2015-infinispan-seminar | action=commit
